Microchip MPLAB XC8 Compiler V1.12 ()

Linker command line:

--edf=C:\Program Files (x86)\Microchip\xc8\v1.12\dat\en_msgs.txt -cs \
  -h+dist/default/production\spi-demo-pic16.X.production.sym -z -Q16F887 \
  -ol.obj -Mdist/default/production/spi-demo-pic16.X.production.map -E1 \
  -ver=XC8 -ACONST=00h-0FFhx32 -ACODE=00h-07FFhx4 -ASTRCODE=00h-01FFFh \
  -AENTRY=00h-0FFhx32 -ASTRING=00h-0FFhx32 -ACOMMON=070h-07Fh \
  -ABANK0=020h-06Fh -ABANK1=0A0h-0EFh -ABANK2=0110h-016Fh \
  -ABANK3=0190h-01EFh -ARAM=020h-06Fh,0A0h-0EFh,0110h-016Fh,0190h-01EFh \
  -AABS1=020h-07Fh,0A0h-0EFh,0110h-016Fh,0190h-01EFh -ASFR0=00h-01Fh \
  -ASFR1=080h-09Fh -ASFR2=0100h-010Fh -ASFR3=0180h-018Fh \
  -preset_vec=00h,intentry,init,end_init -ppowerup=CODE -pfunctab=CODE \
  -ACONFIG=02007h-02008h -pconfig=CONFIG -DCONFIG=2 -AIDLOC=02000h-02003h \
  -pidloc=IDLOC -DIDLOC=2 -AEEDATA=00h-0FFh/02100h -peeprom_data=EEDATA \
  -DEEDATA=2 -DCODE=2 -DSTRCODE=2 -DSTRING=2 -DCONST=2 -DENTRY=2 -k \
  C:\Users\Ruben\AppData\Local\Temp\s6pc.obj \
  dist/default/production\spi-demo-pic16.X.production.obj 

Object code version is 3.10

Machine type is 16F887



                Name                               Link     Load   Length Selector   Space Scale
C:\Users\Ruben\AppData\Local\Temp\s6pc.obj
                end_init                              0        0        3        0       0
                config                             2007     2007        2     400E       0
dist/default/production\spi-demo-pic16.X.production.obj
                text412                             523      523       6D      A46       0
                text411                             446      446       43      88C       0
                text410                             489      489       4D      912       0
                text409                             370      370        7      6E0       0
                text408                             366      366        5      6CC       0
                text407                             3D0      3D0       1C      7A0       0
                text406                             38D      38D       14      71A       0
                text405                             37F      37F        E      6FE       0
                text404                             711      711       EF      E22       0
                text403                             377      377        8      6EE       0
                text402                             3EC      3EC       2D      7D8       0
                text401                             3B7      3B7       19      76E       0
                text400                             590      590       B3      B20       0
                text399                             4D6      4D6       4D      9AC       0
                text398                             3A1      3A1       16      742       0
                text397                             419      419       2D      832       0
                maintext                            643      643       CE      C86       0
                cstackBANK0                          20       20       12       20       1
                cstackCOMMON                         70       70        E       70       1
                bssBANK0                             34       34        1       20       1
                cinit                               36B      36B        5      6D6       0
                nvBANK0                              32       32        2       20       1
                strings                               3        3       5A        6       0

TOTAL           Name                               Link     Load   Length     Space
        CLASS   CONST          

        CLASS   CODE           
                end_init                              0        0        3         0
                text412                             523      523       6D         0
                text411                             446      446       43         0
                text410                             489      489       4D         0
                text409                             370      370        7         0
                text408                             366      366        5         0
                text407                             3D0      3D0       1C         0
                text406                             38D      38D       14         0
                text405                             37F      37F        E         0
                text404                             711      711       EF         0
                text403                             377      377        8         0
                text402                             3EC      3EC       2D         0
                text401                             3B7      3B7       19         0
                text400                             590      590       B3         0
                text399                             4D6      4D6       4D         0
                text398                             3A1      3A1       16         0
                text397                             419      419       2D         0
                maintext                            643      643       CE         0
                cinit                               36B      36B        5         0

        CLASS   STRCODE        

        CLASS   ENTRY          

        CLASS   STRING         
                strings                               3        3       5A         0

        CLASS   COMMON         
                cstackCOMMON                         70       70        E         1

        CLASS   BANK0          
                cstackBANK0                          20       20       12         1
                bssBANK0                             34       34        1         1
                nvBANK0                              32       32        2         1

        CLASS   BANK1          

        CLASS   BANK2          

        CLASS   BANK3          

        CLASS   RAM            

        CLASS   ABS1           
                abs_s1                               7E       7E        2         1

        CLASS   SFR0           

        CLASS   SFR1           

        CLASS   SFR2           

        CLASS   SFR3           

        CLASS   CONFIG         
                config                             2007     2007        2         0

        CLASS   IDLOC          

        CLASS   EEDATA         



SEGMENTS        Name                           Load    Length   Top    Selector   Space  Class     Delta

                reset_vec                      000000  000003  000003         0       0  CODE        2
                strings                        000003  00005A  00005D         6       0  STRING      2
                cstackBANK0                    000020  000015  000035        20       1  BANK0       1
                cstackCOMMON                   000070  00000E  00007E        70       1  COMMON      1
                text408                        000366  000005  00036B       6CC       0  CODE        2
                cinit                          00036B  000005  000370       6D6       0  CODE        2
                text409                        000370  000007  000377       6E0       0  CODE        2
                text403                        000377  000008  00037F       6EE       0  CODE        2
                text405                        00037F  00000E  00038D       6FE       0  CODE        2
                text406                        00038D  000014  0003A1       71A       0  CODE        2
                text398                        0003A1  000016  0003B7       742       0  CODE        2
                text401                        0003B7  000019  0003D0       76E       0  CODE        2
                text407                        0003D0  00001C  0003EC       7A0       0  CODE        2
                text402                        0003EC  00002D  000419       7D8       0  CODE        2
                text397                        000419  00002D  000446       832       0  CODE        2
                text411                        000446  000043  000489       88C       0  CODE        2
                text410                        000489  00004D  0004D6       912       0  CODE        2
                text399                        0004D6  00004D  000523       9AC       0  CODE        2
                text412                        000523  00006D  000590       A46       0  CODE        2
                text400                        000590  0000B3  000643       B20       0  CODE        2
                maintext                       000643  0000CE  000711       C86       0  CODE        2
                text404                        000711  0000EF  000800       E22       0  CODE        2
                config                         002007  000002  002009      400E       0  CONFIG      2


UNUSED ADDRESS RANGES

        Name                Unused          Largest block    Delta
        BANK0            0035-006F             3B           1
        BANK1            00A0-00EF             50           1
        BANK2            0110-016F             60           1
        BANK3            0190-01EF             60           1
        CODE             005D-0365            309           2
                         0800-1FFF            800
        CONST            005D-0365            100           2
                         0800-1FFF            100
        EEDATA           2100-21FF            100           2
        ENTRY            005D-0365            100           2
                         0800-1FFF            100
        IDLOC            2000-2003              4           2
        RAM              0035-006F             3B           1
                         00A0-00EF             50
                         0110-016F             60
                         0190-01EF             60
        SFR0             0000-001F             20           1
        SFR1             0080-009F             20           1
        SFR2             0100-010F             10           1
        SFR3             0180-018F             10           1
        STRCODE          005D-0365            309           2
                         0800-1FFF           1800
        STRING           005D-0365            100           2
                         0800-1FFF            100

                                  Symbol Table

?___lldiv                cstackCOMMON 0070
?___lwdiv                cstackCOMMON 0070
?___lwmod                cstackCOMMON 0078
?_printf                 cstackBANK0  0020
?_spi_control            cstackCOMMON 0070
?_spi_trans              cstackCOMMON 0070
?_uart_control           cstackBANK0  0020
?_uart_puts              cstackCOMMON 0070
?_uart_write             cstackCOMMON 0070
_ANSEL                   (abs)        0188
_PIR1bits                (abs)        000C
_RCREG                   (abs)        001A
_RCSTA                   (abs)        0018
_RCSTAbits               (abs)        0018
_SPBRG                   (abs)        0099
_SSPBUF                  (abs)        0013
_SSPCON                  (abs)        0014
_SSPCONbits              (abs)        0014
_SSPSTAT                 (abs)        0094
_SSPSTATbits             (abs)        0094
_TRISCbits               (abs)        0087
_TXREG                   (abs)        0019
_TXSTA                   (abs)        0098
_TXSTAbits               (abs)        0098
__CFG_BOR4V$BOR40V       (abs)        0000
__CFG_BOREN$OFF          (abs)        0000
__CFG_CP$OFF             (abs)        0000
__CFG_CPD$OFF            (abs)        0000
__CFG_FCMEN$OFF          (abs)        0000
__CFG_FOSC$XT            (abs)        0000
__CFG_IESO$OFF           (abs)        0000
__CFG_LVP$OFF            (abs)        0000
__CFG_MCLRE$OFF          (abs)        0000
__CFG_PWRTE$OFF          (abs)        0000
__CFG_WDTE$OFF           (abs)        0000
__CFG_WRT$OFF            (abs)        0000
__Habs1                  abs1         0000
__Hbank0                 bank0        0000
__Hbank1                 bank1        0000
__Hbank2                 bank2        0000
__Hbank3                 bank3        0000
__HbssBANK0              bssBANK0     0000
__Hcinit                 cinit        0000
__Hclrtext               clrtext      0000
__Hcode                  code         0000
__Hcommon                common       0000
__Hconfig                config       2009
__HcstackBANK0           cstackBANK0  0000
__HcstackCOMMON          cstackCOMMON 0000
__Heeprom_data           eeprom_data  0000
__Hend_init              end_init     0003
__Hfunctab               functab      0000
__Hidloc                 idloc        0000
__Hinit                  init         0000
__Hintentry              intentry     0000
__Hmaintext              maintext     0000
__HnvBANK0               nvBANK0      0000
__Hpowerup               powerup      0000
__Hram                   ram          0000
__Hreset_vec             reset_vec    0000
__Hsfr0                  sfr0         0000
__Hsfr1                  sfr1         0000
__Hsfr2                  sfr2         0000
__Hsfr3                  sfr3         0000
__Hstrings               strings      0000
__Htext                  text         0000
__Labs1                  abs1         0000
__Lbank0                 bank0        0000
__Lbank1                 bank1        0000
__Lbank2                 bank2        0000
__Lbank3                 bank3        0000
__LbssBANK0              bssBANK0     0000
__Lcinit                 cinit        0000
__Lclrtext               clrtext      0000
__Lcode                  code         0000
__Lcommon                common       0000
__Lconfig                config       2007
__LcstackBANK0           cstackBANK0  0000
__LcstackCOMMON          cstackCOMMON 0000
__Leeprom_data           eeprom_data  0000
__Lend_init              end_init     0000
__Lfunctab               functab      0000
__Lidloc                 idloc        0000
__Linit                  init         0000
__Lintentry              intentry     0000
__Lmaintext              maintext     0000
__LnvBANK0               nvBANK0      0000
__Lpowerup               powerup      0000
__Lram                   ram          0000
__Lreset_vec             reset_vec    0000
__Lsfr0                  sfr0         0000
__Lsfr1                  sfr1         0000
__Lsfr2                  sfr2         0000
__Lsfr3                  sfr3         0000
__Lstrings               strings      0000
__Ltext                  text         0000
__S0                     (abs)        2009
__S1                     (abs)        007E
__S2                     (abs)        0000
___lldiv                 text412      0523
___lldiv@counter         cstackCOMMON 007D
___lldiv@dividend        cstackCOMMON 0074
___lldiv@divisor         cstackCOMMON 0070
___lldiv@quotient        cstackCOMMON 0079
___lwdiv                 text410      0489
___lwdiv@counter         cstackCOMMON 0077
___lwdiv@dividend        cstackCOMMON 0072
___lwdiv@divisor         cstackCOMMON 0070
___lwdiv@quotient        cstackCOMMON 0075
___lwmod                 text411      0446
___lwmod@counter         cstackCOMMON 007D
___lwmod@dividend        cstackCOMMON 007A
___lwmod@divisor         cstackCOMMON 0078
__end_of___lldiv         text412      0590
__end_of___lwdiv         text410      04D6
__end_of___lwmod         text411      0489
__end_of__initialization cinit        036C
__end_of__stringdata     strings      005D
__end_of__stringtab      strings      0009
__end_of_dpowers         strings      0013
__end_of_main            maintext     0711
__end_of_printf          text404      0800
__end_of_putch           text405      038D
__end_of_spi_available   text409      0377
__end_of_spi_close       text408      036B
__end_of_spi_control     text400      0643
__end_of_spi_init        text397      0446
__end_of_spi_open        text403      037F
__end_of_spi_trans       text407      03EC
__end_of_uart_control    text399      0523
__end_of_uart_init       text398      03B7
__end_of_uart_open       text401      03D0
__end_of_uart_puts       text402      0419
__end_of_uart_write      text406      03A1
__initialization         cinit        036B
__pbssBANK0              bssBANK0     0034
__pcstackBANK0           cstackBANK0  0020
__pcstackCOMMON          cstackCOMMON 0070
__pmaintext              maintext     0643
__pnvBANK0               nvBANK0      0032
__pstrings               strings      0003
__ptext397               text397      0419
__ptext398               text398      03A1
__ptext399               text399      04D6
__ptext400               text400      0590
__ptext401               text401      03B7
__ptext402               text402      03EC
__ptext403               text403      0377
__ptext404               text404      0711
__ptext405               text405      037F
__ptext406               text406      038D
__ptext407               text407      03D0
__ptext408               text408      0366
__ptext409               text409      0370
__ptext410               text410      0489
__ptext411               text411      0446
__ptext412               text412      0523
__ptext413               text413      0000
__size_of___lldiv        (abs)        0000
__size_of___lwdiv        (abs)        0000
__size_of___lwmod        (abs)        0000
__size_of_main           (abs)        0000
__size_of_printf         (abs)        0000
__size_of_putch          (abs)        0000
__size_of_spi_available  (abs)        0000
__size_of_spi_close      (abs)        0000
__size_of_spi_control    (abs)        0000
__size_of_spi_init       (abs)        0000
__size_of_spi_open       (abs)        0000
__size_of_spi_trans      (abs)        0000
__size_of_uart_control   (abs)        0000
__size_of_uart_init      (abs)        0000
__size_of_uart_open      (abs)        0000
__size_of_uart_puts      (abs)        0000
__size_of_uart_write     (abs)        0000
__stringdata             strings      0013
__stringtab              strings      0003
_dpowers                 strings      0009
_inuse                   bssBANK0     0034
_main                    maintext     0643
_printf                  text404      0711
_putch                   text405      037F
_spi1                    nvBANK0      0032
_spi_available           text409      0370
_spi_close               text408      0366
_spi_control             text400      0590
_spi_init                text397      0419
_spi_open                text403      0377
_spi_trans               text407      03D0
_uart1                   nvBANK0      0033
_uart_control            text399      04D6
_uart_init               text398      03A1
_uart_open               text401      03B7
_uart_puts               text402      03EC
_uart_write              text406      038D
btemp                    (abs)        007E
end_of_initialization    cinit        036C
intlevel0                functab      0000
intlevel1                functab      0000
intlevel2                functab      0000
intlevel3                functab      0000
intlevel4                functab      0000
intlevel5                functab      0000
main@i                   cstackBANK0  0031
main@rx                  cstackBANK0  0030
printf@_val              cstackBANK0  0029
printf@ap                cstackBANK0  0025
printf@c                 cstackBANK0  002D
printf@f                 cstackBANK0  0027
printf@flag              cstackBANK0  0026
printf@prec              cstackBANK0  0028
putch@data               cstackCOMMON 0073
reset_vec                reset_vec    0000
spi_control@arg          cstackCOMMON 0074
spi_control@ctrl         cstackCOMMON 0070
spi_control@speed        cstackCOMMON 007D
spi_control@spid         cstackCOMMON 007C
spi_init@eModule         cstackBANK0  0020
spi_trans@data           cstackCOMMON 0070
spi_trans@rxtmp          cstackCOMMON 0073
spi_trans@spid           cstackCOMMON 0072
start                    init         0000
start_initialization     cinit        036B
uart_control@arg         cstackBANK0  0024
uart_control@uartd       cstackBANK0  002C
uart_init@eUART          cstackCOMMON 0070
uart_open@uartd          cstackCOMMON 0070
uart_puts@string         cstackCOMMON 0070
uart_puts@uartd          cstackCOMMON 0072
uart_write@data          cstackCOMMON 0070
uart_write@uartd         cstackCOMMON 0071
wtemp0                   (abs)        007E


FUNCTION INFORMATION:

 *************** function _main *****************
 Defined at:
		line 62 in file "main.c"
 Parameters:    Size  Location     Type
		None
 Auto vars:     Size  Location     Type
  i               1   17[BANK0 ] unsigned char 
  rx              1   16[BANK0 ] unsigned char 
 Return value:  Size  Location     Type
		None               void
 Registers used:
		wreg, fsr0l, fsr0h, status,2, status,0, btemp+1, pclath, cstack
 Tracked objects:
		On entry : 
		On exit  : 
		Unchanged: 
 Data sizes:     COMMON   BANK0   BANK1   BANK3   BANK2
      Params:         0       0       0       0       0
      Locals:         0       2       0       0       0
      Temps:          0       2       0       0       0
      Totals:         0       4       0       0       0
Total ram usage:        4 bytes
 Hardware stack levels required when called:    3
 This function calls:
		_spi_init
		_uart_init
		_uart_control
		_spi_control
		_uart_open
		_uart_puts
		_spi_open
		_printf
		_spi_trans
		_spi_close
 This function is called by:
		Startup code after reset
 This function uses a non-reentrant model


 *************** function _spi_init *****************
 Defined at:
		line 23 in file "C:/Users/Ruben/Dropbox/Electronics/MCULib/SPI/SPI-PIC16.c"
 Parameters:    Size  Location     Type
  eModule         1    wreg     enum E1651
 Auto vars:     Size  Location     Type
  eModule         1    0[BANK0 ] enum E1651
 Return value:  Size  Location     Type
                  1    wreg      unsigned char 
 Registers used:
		wreg, fsr0l, fsr0h, status,2, status,0, pclath, cstack
 Tracked objects:
		On entry : 
		On exit  : 
		Unchanged: 
 Data sizes:     COMMON   BANK0   BANK1   BANK3   BANK2
      Params:         0       0       0       0       0
      Locals:         0       1       0       0       0
      Temps:          0       0       0       0       0
      Totals:         0       1       0       0       0
Total ram usage:        1 bytes
 Hardware stack levels used:    1
 Hardware stack levels required when called:    1
 This function calls:
		_spi_control
 This function is called by:
		_main
 This function uses a non-reentrant model


 *************** function _uart_init *****************
 Defined at:
		line 10 in file "C:/Users/Ruben/Dropbox/Electronics/MCULib/UART/UART-PIC16.c"
 Parameters:    Size  Location     Type
  eUART           1    wreg     enum E1651
 Auto vars:     Size  Location     Type
  eUART           1    0[COMMON] enum E1651
 Return value:  Size  Location     Type
                  1    wreg      unsigned char 
 Registers used:
		wreg, status,2
 Tracked objects:
		On entry : 
		On exit  : 
		Unchanged: 
 Data sizes:     COMMON   BANK0   BANK1   BANK3   BANK2
      Params:         0       0       0       0       0
      Locals:         1       0       0       0       0
      Temps:          0       0       0       0       0
      Totals:         1       0       0       0       0
Total ram usage:        1 bytes
 Hardware stack levels used:    1
 This function calls:
		Nothing
 This function is called by:
		_main
 This function uses a non-reentrant model


 *************** function _uart_control *****************
 Defined at:
		line 28 in file "C:/Users/Ruben/Dropbox/Electronics/MCULib/UART/UART-PIC16.c"
 Parameters:    Size  Location     Type
  uartd           1    wreg     unsigned char 
  ctrl            4    0[BANK0 ] unsigned long 
  arg             4    4[BANK0 ] unsigned long 
 Auto vars:     Size  Location     Type
  uartd           1   12[BANK0 ] unsigned char 
 Return value:  Size  Location     Type
                  1    wreg      unsigned char 
 Registers used:
		wreg, status,2, status,0, pclath, cstack
 Tracked objects:
		On entry : 
		On exit  : 
		Unchanged: 
 Data sizes:     COMMON   BANK0   BANK1   BANK3   BANK2
      Params:         0       8       0       0       0
      Locals:         0       1       0       0       0
      Temps:          0       4       0       0       0
      Totals:         0      13       0       0       0
Total ram usage:       13 bytes
 Hardware stack levels used:    1
 Hardware stack levels required when called:    1
 This function calls:
		___lldiv
 This function is called by:
		_main
 This function uses a non-reentrant model


 *************** function _spi_control *****************
 Defined at:
		line 38 in file "C:/Users/Ruben/Dropbox/Electronics/MCULib/SPI/SPI-PIC16.c"
 Parameters:    Size  Location     Type
  spid            1    wreg     unsigned char 
  ctrl            4    0[COMMON] unsigned long 
  arg             4    4[COMMON] unsigned long 
 Auto vars:     Size  Location     Type
  spid            1   12[COMMON] unsigned char 
  speed           1   13[COMMON] unsigned char 
 Return value:  Size  Location     Type
                  1    wreg      unsigned char 
 Registers used:
		wreg, fsr0l, fsr0h, status,2, status,0
 Tracked objects:
		On entry : 
		On exit  : 
		Unchanged: 
 Data sizes:     COMMON   BANK0   BANK1   BANK3   BANK2
      Params:         8       0       0       0       0
      Locals:         2       0       0       0       0
      Temps:          4       0       0       0       0
      Totals:        14       0       0       0       0
Total ram usage:       14 bytes
 Hardware stack levels used:    1
 This function calls:
		Nothing
 This function is called by:
		_main
		_spi_init
 This function uses a non-reentrant model


 *************** function _uart_open *****************
 Defined at:
		line 52 in file "C:/Users/Ruben/Dropbox/Electronics/MCULib/UART/UART-PIC16.c"
 Parameters:    Size  Location     Type
  uartd           1    wreg     unsigned char 
 Auto vars:     Size  Location     Type
  uartd           1    0[COMMON] unsigned char 
 Return value:  Size  Location     Type
                  1    wreg      enum E1698
 Registers used:
		wreg
 Tracked objects:
		On entry : 
		On exit  : 
		Unchanged: 
 Data sizes:     COMMON   BANK0   BANK1   BANK3   BANK2
      Params:         0       0       0       0       0
      Locals:         1       0       0       0       0
      Temps:          0       0       0       0       0
      Totals:         1       0       0       0       0
Total ram usage:        1 bytes
 Hardware stack levels used:    1
 This function calls:
		Nothing
 This function is called by:
		_main
 This function uses a non-reentrant model


 *************** function _uart_puts *****************
 Defined at:
		line 140 in file "C:/Users/Ruben/Dropbox/Electronics/MCULib/UART/UART-PIC16.c"
 Parameters:    Size  Location     Type
  uartd           1    wreg     unsigned char 
  string          1    0[COMMON] PTR const unsigned char 
		 -> STR_4(18), STR_1(15), 
 Auto vars:     Size  Location     Type
  uartd           1    2[COMMON] unsigned char 
 Return value:  Size  Location     Type
		None               void
 Registers used:
		wreg, fsr0l, fsr0h, status,2, status,0, pclath
 Tracked objects:
		On entry : 
		On exit  : 
		Unchanged: 
 Data sizes:     COMMON   BANK0   BANK1   BANK3   BANK2
      Params:         1       0       0       0       0
      Locals:         1       0       0       0       0
      Temps:          1       0       0       0       0
      Totals:         3       0       0       0       0
Total ram usage:        3 bytes
 Hardware stack levels used:    2
 This function calls:
		Nothing
 This function is called by:
		_main
 This function uses a non-reentrant model


 *************** function _spi_open *****************
 Defined at:
		line 93 in file "C:/Users/Ruben/Dropbox/Electronics/MCULib/SPI/SPI-PIC16.c"
 Parameters:    Size  Location     Type
  spid            1    wreg     unsigned char 
 Auto vars:     Size  Location     Type
  spid            1    0[COMMON] unsigned char 
 Return value:  Size  Location     Type
                  1    wreg      enum E1698
 Registers used:
		wreg
 Tracked objects:
		On entry : 
		On exit  : 
		Unchanged: 
 Data sizes:     COMMON   BANK0   BANK1   BANK3   BANK2
      Params:         0       0       0       0       0
      Locals:         0       0       0       0       0
      Temps:          0       0       0       0       0
      Totals:         0       0       0       0       0
Total ram usage:        0 bytes
 Hardware stack levels used:    1
 This function calls:
		Nothing
 This function is called by:
		_main
 This function uses a non-reentrant model


 *************** function _printf *****************
 Defined at:
		line 465 in file "C:\Program Files (x86)\Microchip\xc8\v1.12\sources\doprnt.c"
 Parameters:    Size  Location     Type
  f               1    wreg     PTR const unsigned char 
		 -> STR_3(23), STR_2(18), 
 Auto vars:     Size  Location     Type
  f               1    7[BANK0 ] PTR const unsigned char 
		 -> STR_3(23), STR_2(18), 
  _val            4    9[BANK0 ] struct .
  c               1   13[BANK0 ] char 
  prec            1    8[BANK0 ] char 
  flag            1    6[BANK0 ] unsigned char 
  ap              1    5[BANK0 ] PTR void [1]
		 -> ?_printf(2), 
 Return value:  Size  Location     Type
                  2    0[BANK0 ] int 
 Registers used:
		wreg, fsr0l, fsr0h, status,2, status,0, btemp+1, pclath, cstack
 Tracked objects:
		On entry : 
		On exit  : 
		Unchanged: 
 Data sizes:     COMMON   BANK0   BANK1   BANK3   BANK2
      Params:         0       2       0       0       0
      Locals:         0       9       0       0       0
      Temps:          0       3       0       0       0
      Totals:         0      14       0       0       0
Total ram usage:       14 bytes
 Hardware stack levels used:    1
 Hardware stack levels required when called:    2
 This function calls:
		_putch
		___lwdiv
		___lwmod
 This function is called by:
		_main
 This function uses a non-reentrant model


 *************** function _putch *****************
 Defined at:
		line 57 in file "main.c"
 Parameters:    Size  Location     Type
  data            1    wreg     unsigned char 
 Auto vars:     Size  Location     Type
  data            1    3[COMMON] unsigned char 
 Return value:  Size  Location     Type
		None               void
 Registers used:
		wreg, status,2, status,0, pclath, cstack
 Tracked objects:
		On entry : 
		On exit  : 
		Unchanged: 
 Data sizes:     COMMON   BANK0   BANK1   BANK3   BANK2
      Params:         0       0       0       0       0
      Locals:         1       0       0       0       0
      Temps:          1       0       0       0       0
      Totals:         2       0       0       0       0
Total ram usage:        2 bytes
 Hardware stack levels used:    1
 Hardware stack levels required when called:    1
 This function calls:
		_uart_write
 This function is called by:
		_printf
 This function uses a non-reentrant model


 *************** function _uart_write *****************
 Defined at:
		line 76 in file "C:/Users/Ruben/Dropbox/Electronics/MCULib/UART/UART-PIC16.c"
 Parameters:    Size  Location     Type
  uartd           1    wreg     unsigned char 
  data            1    0[COMMON] unsigned char 
 Auto vars:     Size  Location     Type
  uartd           1    1[COMMON] unsigned char 
 Return value:  Size  Location     Type
		None               void
 Registers used:
		wreg
 Tracked objects:
		On entry : 
		On exit  : 
		Unchanged: 
 Data sizes:     COMMON   BANK0   BANK1   BANK3   BANK2
      Params:         1       0       0       0       0
      Locals:         1       0       0       0       0
      Temps:          0       0       0       0       0
      Totals:         2       0       0       0       0
Total ram usage:        2 bytes
 Hardware stack levels used:    1
 This function calls:
		Nothing
 This function is called by:
		_putch
 This function uses a non-reentrant model


 *************** function _spi_trans *****************
 Defined at:
		line 143 in file "C:/Users/Ruben/Dropbox/Electronics/MCULib/SPI/SPI-PIC16.c"
 Parameters:    Size  Location     Type
  spid            1    wreg     unsigned char 
  data            1    0[COMMON] unsigned char 
 Auto vars:     Size  Location     Type
  spid            1    2[COMMON] unsigned char 
  rxtmp           1    3[COMMON] unsigned char 
 Return value:  Size  Location     Type
                  1    wreg      unsigned char 
 Registers used:
		wreg, pclath, cstack
 Tracked objects:
		On entry : 
		On exit  : 
		Unchanged: 
 Data sizes:     COMMON   BANK0   BANK1   BANK3   BANK2
      Params:         1       0       0       0       0
      Locals:         2       0       0       0       0
      Temps:          1       0       0       0       0
      Totals:         4       0       0       0       0
Total ram usage:        4 bytes
 Hardware stack levels used:    1
 Hardware stack levels required when called:    1
 This function calls:
		_spi_available
 This function is called by:
		_main
 This function uses a non-reentrant model


 *************** function _spi_close *****************
 Defined at:
		line 100 in file "C:/Users/Ruben/Dropbox/Electronics/MCULib/SPI/SPI-PIC16.c"
 Parameters:    Size  Location     Type
  spid            1    wreg     unsigned char 
 Auto vars:     Size  Location     Type
  spid            1    0[COMMON] unsigned char 
 Return value:  Size  Location     Type
                  1    wreg      enum E1698
 Registers used:
		wreg
 Tracked objects:
		On entry : 
		On exit  : 
		Unchanged: 
 Data sizes:     COMMON   BANK0   BANK1   BANK3   BANK2
      Params:         0       0       0       0       0
      Locals:         0       0       0       0       0
      Temps:          0       0       0       0       0
      Totals:         0       0       0       0       0
Total ram usage:        0 bytes
 Hardware stack levels used:    1
 This function calls:
		Nothing
 This function is called by:
		_main
 This function uses a non-reentrant model


 *************** function _spi_available *****************
 Defined at:
		line 162 in file "C:/Users/Ruben/Dropbox/Electronics/MCULib/SPI/SPI-PIC16.c"
 Parameters:    Size  Location     Type
  spid            1    wreg     unsigned char 
 Auto vars:     Size  Location     Type
  spid            1    0[COMMON] unsigned char 
 Return value:  Size  Location     Type
                  1    wreg      enum E1634
 Registers used:
		wreg
 Tracked objects:
		On entry : 
		On exit  : 
		Unchanged: 
 Data sizes:     COMMON   BANK0   BANK1   BANK3   BANK2
      Params:         0       0       0       0       0
      Locals:         0       0       0       0       0
      Temps:          0       0       0       0       0
      Totals:         0       0       0       0       0
Total ram usage:        0 bytes
 Hardware stack levels used:    1
 This function calls:
		Nothing
 This function is called by:
		_spi_trans
		_spi_write
		_spi_read
		_spi_write_array
		_spi_read_array
		_spi_trans_array
 This function uses a non-reentrant model


 *************** function ___lwdiv *****************
 Defined at:
		line 5 in file "C:\Program Files (x86)\Microchip\xc8\v1.12\sources\lwdiv.c"
 Parameters:    Size  Location     Type
  divisor         2    0[COMMON] unsigned int 
  dividend        2    2[COMMON] unsigned int 
 Auto vars:     Size  Location     Type
  quotient        2    5[COMMON] unsigned int 
  counter         1    7[COMMON] unsigned char 
 Return value:  Size  Location     Type
                  2    0[COMMON] unsigned int 
 Registers used:
		wreg, status,2, status,0
 Tracked objects:
		On entry : 
		On exit  : 
		Unchanged: 
 Data sizes:     COMMON   BANK0   BANK1   BANK3   BANK2
      Params:         4       0       0       0       0
      Locals:         3       0       0       0       0
      Temps:          1       0       0       0       0
      Totals:         8       0       0       0       0
Total ram usage:        8 bytes
 Hardware stack levels used:    1
 This function calls:
		Nothing
 This function is called by:
		_printf
 This function uses a non-reentrant model


 *************** function ___lwmod *****************
 Defined at:
		line 5 in file "C:\Program Files (x86)\Microchip\xc8\v1.12\sources\lwmod.c"
 Parameters:    Size  Location     Type
  divisor         2    8[COMMON] unsigned int 
  dividend        2   10[COMMON] unsigned int 
 Auto vars:     Size  Location     Type
  counter         1   13[COMMON] unsigned char 
 Return value:  Size  Location     Type
                  2    8[COMMON] unsigned int 
 Registers used:
		wreg, status,2, status,0
 Tracked objects:
		On entry : 
		On exit  : 
		Unchanged: 
 Data sizes:     COMMON   BANK0   BANK1   BANK3   BANK2
      Params:         4       0       0       0       0
      Locals:         1       0       0       0       0
      Temps:          1       0       0       0       0
      Totals:         6       0       0       0       0
Total ram usage:        6 bytes
 Hardware stack levels used:    1
 This function calls:
		Nothing
 This function is called by:
		_printf
 This function uses a non-reentrant model


 *************** function ___lldiv *****************
 Defined at:
		line 5 in file "C:\Program Files (x86)\Microchip\xc8\v1.12\sources\lldiv.c"
 Parameters:    Size  Location     Type
  divisor         4    0[COMMON] unsigned long 
  dividend        4    4[COMMON] unsigned long 
 Auto vars:     Size  Location     Type
  quotient        4    9[COMMON] unsigned long 
  counter         1   13[COMMON] unsigned char 
 Return value:  Size  Location     Type
                  4    0[COMMON] unsigned long 
 Registers used:
		wreg, status,2, status,0
 Tracked objects:
		On entry : 
		On exit  : 
		Unchanged: 
 Data sizes:     COMMON   BANK0   BANK1   BANK3   BANK2
      Params:         8       0       0       0       0
      Locals:         5       0       0       0       0
      Temps:          1       0       0       0       0
      Totals:        14       0       0       0       0
Total ram usage:       14 bytes
 Hardware stack levels used:    1
 This function calls:
		Nothing
 This function is called by:
		_uart_control
 This function uses a non-reentrant model



MODULE INFORMATION

Module		Function		Class		Link	Load	Size
C:\Program Files (x86)\Microchip\xc8\v1.12\sources\doprnt.c
		_printf        		CODE           	0711	0000	239

C:\Program Files (x86)\Microchip\xc8\v1.12\sources\doprnt.c estimated size: 239

C:\Program Files (x86)\Microchip\xc8\v1.12\sources\lldiv.c
		___lldiv       		CODE           	0523	0000	109

C:\Program Files (x86)\Microchip\xc8\v1.12\sources\lldiv.c estimated size: 109

shared
		__stringtab    		STRING         	0003	0000	6
		__stringdata   		STRING         	0013	0000	74
		_dpowers       		STRING         	0009	0000	10
		__initializatio		CODE           	036B	0000	1

shared estimated size: 91

main.c
		_putch         		CODE           	037F	0000	14
		_main          		CODE           	0643	0000	206

main.c estimated size: 220

C:/Users/Ruben/Dropbox/Electronics/MCULib/UART/UART-PIC16.c
		_uart_write    		CODE           	038D	0000	20
		_uart_control  		CODE           	04D6	0000	77
		_uart_init     		CODE           	03A1	0000	22
		_uart_puts     		CODE           	03EC	0000	45
		_uart_open     		CODE           	03B7	0000	25

C:/Users/Ruben/Dropbox/Electronics/MCULib/UART/UART-PIC16.c estimated size: 189

C:\Program Files (x86)\Microchip\xc8\v1.12\sources\lwmod.c
		___lwmod       		CODE           	0446	0000	67

C:\Program Files (x86)\Microchip\xc8\v1.12\sources\lwmod.c estimated size: 67

C:\Program Files (x86)\Microchip\xc8\v1.12\sources\lwdiv.c
		___lwdiv       		CODE           	0489	0000	77

C:\Program Files (x86)\Microchip\xc8\v1.12\sources\lwdiv.c estimated size: 77

C:/Users/Ruben/Dropbox/Electronics/MCULib/SPI/SPI-PIC16.c
		_spi_trans     		CODE           	03D0	0000	28
		_spi_control   		CODE           	0590	0000	179
		_spi_open      		CODE           	0377	0000	8
		_spi_init      		CODE           	0419	0000	45
		_spi_available 		CODE           	0370	0000	7
		_spi_close     		CODE           	0366	0000	5

C:/Users/Ruben/Dropbox/Electronics/MCULib/SPI/SPI-PIC16.c estimated size: 272

